127.0.0.1 - - [02/Jun/2016:11:24:32 -0300] "GET / HTTP/1.1" 404 994
0:0:0:0:0:0:0:1 - - [02/Jun/2016:11:24:35 -0300] "GET /RESTParameter/WEB-INF/classes/com/rest/Parametro.java HTTP/1.1" 404 992
0:0:0:0:0:0:0:1 - - [02/Jun/2016:11:26:53 -0300] "GET /RESTParameter/rest/parametro/10/60/10 HTTP/1.1" 405 1056
222.186.21.195 - - [02/Jun/2016:11:29:08 -0300] "GET / HTTP/1.1" 404 994
0:0:0:0:0:0:0:1 - - [02/Jun/2016:11:31:55 -0300] "GET /RESTParameter/rest/parametro/10/60/10 HTTP/1.1" 405 1056
0:0:0:0:0:0:0:1 - - [02/Jun/2016:11:45:24 -0300] "GET /RESTParameter/rest/parametro/post/10 HTTP/1.1" 404 1010
0:0:0:0:0:0:0:1 - - [02/Jun/2016:11:45:24 -0300] "GET /RESTParameter/rest/parametro/post/10 HTTP/1.1" 404 1010
0:0:0:0:0:0:0:1 - - [02/Jun/2016:11:45:27 -0300] "GET /RESTParameter/rest/parametro/post HTTP/1.1" 405 1056
127.0.0.1 - - [02/Jun/2016:12:06:45 -0300] "POST /RESTParameter/rest/parametro/post HTTP/1.1" 400 1033
0:0:0:0:0:0:0:1 - - [02/Jun/2016:12:08:06 -0300] "GET /RESTParameter/rest/parametro/post HTTP/1.1" 405 1056
127.0.0.1 - - [02/Jun/2016:12:25:42 -0300] "POST /RESTParameter/rest/parametro/post HTTP/1.1" 400 1033
127.0.0.1 - - [02/Jun/2016:12:27:25 -0300] "POST /RESTParameter/rest/parametro/post HTTP/1.1" 400 1033
127.0.0.1 - - [02/Jun/2016:12:29:52 -0300] "POST /RESTParameter/rest/parametro/post HTTP/1.1" 400 1033
127.0.0.1 - - [02/Jun/2016:12:42:46 -0300] "GET / HTTP/1.1" 404 994
127.0.0.1 - - [02/Jun/2016:12:43:57 -0300] "POST /RESTParameter/rest/users/10/50/10 HTTP/1.1" 500 5256
0:0:0:0:0:0:0:1 - - [02/Jun/2016:12:50:09 -0300] "GET /RESTParameter/rest/users/10/5/10 HTTP/1.1" 500 5256
127.0.0.1 - - [02/Jun/2016:12:52:17 -0300] "GET / HTTP/1.1" 404 994
0:0:0:0:0:0:0:1 - - [02/Jun/2016:12:53:19 -0300] "GET /RESTParameter/WEB-INF/classes/com/rest/Parametro.java HTTP/1.1" 404 992
0:0:0:0:0:0:0:1 - - [02/Jun/2016:12:53:32 -0300] "GET /RESTParameter/rest/users/10/50/10 HTTP/1.1" 500 5256
127.0.0.1 - - [02/Jun/2016:12:57:32 -0300] "GET / HTTP/1.1" 404 994
0:0:0:0:0:0:0:1 - - [02/Jun/2016:12:57:44 -0300] "GET /RESTParameter/rest/parametro HTTP/1.1" 404 1010
0:0:0:0:0:0:0:1 - - [02/Jun/2016:12:57:53 -0300] "GET /RESTParameter/rest/parametro/recebe HTTP/1.1" 200 28
127.0.0.1 - - [02/Jun/2016:13:04:14 -0300] "GET /RESTParameter/rest/recebe HTTP/1.1" 400 1033
0:0:0:0:0:0:0:1 - - [02/Jun/2016:13:07:08 -0300] "GET /RESTParameter/rest/parametro/recebe HTTP/1.1" 200 28
127.0.0.1 - - [02/Jun/2016:13:07:37 -0300] "GET /RESTParameter/rest/recebe HTTP/1.1" 404 1010
127.0.0.1 - - [02/Jun/2016:13:08:16 -0300] "GET /RESTParameter/rest/recebe HTTP/1.1" 404 1010
0:0:0:0:0:0:0:1 - - [02/Jun/2016:13:09:12 -0300] "GET /RESTParameter/rest/parametro/recebe HTTP/1.1" 200 28
127.0.0.1 - - [02/Jun/2016:13:10:56 -0300] "GET /RESTParameter/rest/parametro/recebe HTTP/1.1" 200 28
127.0.0.1 - - [02/Jun/2016:13:16:35 -0300] "GET / HTTP/1.1" 404 994
0:0:0:0:0:0:0:1 - - [02/Jun/2016:13:17:00 -0300] "GET /RESTParameter/rest/parametro/envia HTTP/1.1" 405 1056
127.0.0.1 - - [02/Jun/2016:13:17:32 -0300] "POST /RESTParameter/rest/parametro/envia HTTP/1.1" 415 1135
127.0.0.1 - - [02/Jun/2016:13:20:14 -0300] "POST /RESTParameter/rest/parametro/envia HTTP/1.1" 415 1135
127.0.0.1 - - [02/Jun/2016:13:23:42 -0300] "GET / HTTP/1.1" 404 994
0:0:0:0:0:0:0:1 - - [02/Jun/2016:13:23:49 -0300] "GET /RESTParameter/rest/parametro/envia HTTP/1.1" 405 1056
127.0.0.1 - - [02/Jun/2016:13:24:22 -0300] "POST /RESTParameter/rest/parametro/envia HTTP/1.1" 415 1135
127.0.0.1 - - [02/Jun/2016:13:25:25 -0300] "POST /RESTParameter/rest/parametro/envia HTTP/1.1" 415 1135
127.0.0.1 - - [02/Jun/2016:13:27:00 -0300] "POST /RESTParameter/rest/parametro/envia HTTP/1.1" 415 1135
127.0.0.1 - - [02/Jun/2016:13:27:06 -0300] "POST /RESTParameter/rest/parametro/envia HTTP/1.1" 415 1135
127.0.0.1 - - [02/Jun/2016:13:28:00 -0300] "POST /RESTParameter/rest/parametro/envia HTTP/1.1" 415 1135
127.0.0.1 - - [02/Jun/2016:13:29:15 -0300] "POST /RESTParameter/rest/parametro/envia HTTP/1.1" 415 1135
127.0.0.1 - - [02/Jun/2016:13:32:11 -0300] "POST /RESTParameter/rest/parametro/recebe HTTP/1.1" 405 1056
127.0.0.1 - - [02/Jun/2016:13:33:00 -0300] "GET /RESTParameter/rest/parametro/recebe HTTP/1.1" 200 28
127.0.0.1 - - [02/Jun/2016:13:34:03 -0300] "POST /RESTParameter/rest/parametro/envia HTTP/1.1" 415 1135
127.0.0.1 - - [02/Jun/2016:13:41:20 -0300] "POST /RESTParameter/rest/parametro/envia HTTP/1.1" 415 1135
127.0.0.1 - - [02/Jun/2016:13:50:17 -0300] "GET / HTTP/1.1" 404 994
127.0.0.1 - - [02/Jun/2016:13:52:05 -0300] "GET / HTTP/1.1" 404 994
127.0.0.1 - - [02/Jun/2016:13:54:55 -0300] "POST /RESTParameter/rest/parametro/envia HTTP/1.1" 405 1056
127.0.0.1 - - [02/Jun/2016:13:55:34 -0300] "GET / HTTP/1.1" 404 994
127.0.0.1 - - [02/Jun/2016:13:55:37 -0300] "POST /RESTParameter/rest/parametro/envia HTTP/1.1" 405 1056
127.0.0.1 - - [02/Jun/2016:13:55:45 -0300] "POST /RESTParameter/rest/parametro/envia HTTP/1.1" 405 1056
127.0.0.1 - - [02/Jun/2016:13:56:29 -0300] "POST /RESTParameter/rest/parametro/envia HTTP/1.1" 405 1056
127.0.0.1 - - [02/Jun/2016:13:56:38 -0300] "POST /RESTParameter/rest/parametro/recebe HTTP/1.1" 405 1056
127.0.0.1 - - [02/Jun/2016:13:56:57 -0300] "POST /RESTParameter/rest/parametro/recebe HTTP/1.1" 405 1056
127.0.0.1 - - [02/Jun/2016:13:57:25 -0300] "GET /RESTParameter/rest/parametro/recebe HTTP/1.1" 200 28
127.0.0.1 - - [02/Jun/2016:13:58:08 -0300] "POST /RESTParameter/rest/parametro/recebe HTTP/1.1" 405 1056
127.0.0.1 - - [02/Jun/2016:13:58:35 -0300] "POST /RESTParameter/rest/parametro/recebe HTTP/1.1" 405 1056
127.0.0.1 - - [02/Jun/2016:13:59:06 -0300] "GET /RESTParameter/rest/parametro/recebe HTTP/1.1" 200 28
0:0:0:0:0:0:0:1 - - [02/Jun/2016:14:20:02 -0300] "GET /RESTParameter/rest/parametro/recebe HTTP/1.1" 500 5347
127.0.0.1 - - [02/Jun/2016:14:20:25 -0300] "GET / HTTP/1.1" 404 994
0:0:0:0:0:0:0:1 - - [02/Jun/2016:14:20:38 -0300] "GET /RESTParameter/rest/parametro/recebe HTTP/1.1" 500 5347
0:0:0:0:0:0:0:1 - - [02/Jun/2016:14:20:41 -0300] "GET /RESTParameter/rest/parametro/recebe HTTP/1.1" 500 -
0:0:0:0:0:0:0:1 - - [02/Jun/2016:14:20:42 -0300] "GET /RESTParameter/rest/parametro/recebe HTTP/1.1" 500 -
0:0:0:0:0:0:0:1 - - [02/Jun/2016:14:20:42 -0300] "GET /RESTParameter/rest/parametro/recebe HTTP/1.1" 500 5346
0:0:0:0:0:0:0:1 - - [02/Jun/2016:14:21:25 -0300] "GET /RESTParameter/rest/parametro/recebe HTTP/1.1" 500 5347
0:0:0:0:0:0:0:1 - - [02/Jun/2016:14:21:27 -0300] "GET /RESTParameter/rest/parametro/recebe HTTP/1.1" 500 -
0:0:0:0:0:0:0:1 - - [02/Jun/2016:14:21:27 -0300] "GET /RESTParameter/rest/parametro/recebe HTTP/1.1" 500 5347
0:0:0:0:0:0:0:1 - - [02/Jun/2016:14:21:28 -0300] "GET /RESTParameter/rest/parametro/recebe HTTP/1.1" 500 5347
0:0:0:0:0:0:0:1 - - [02/Jun/2016:14:21:28 -0300] "GET /RESTParameter/rest/parametro/recebe HTTP/1.1" 500 5347
0:0:0:0:0:0:0:1 - - [02/Jun/2016:14:21:28 -0300] "GET /RESTParameter/rest/parametro/recebe HTTP/1.1" 500 5346
127.0.0.1 - - [02/Jun/2016:14:22:09 -0300] "GET /RESTParameter/rest/parametro/recebe HTTP/1.1" 500 5347
127.0.0.1 - - [02/Jun/2016:14:27:35 -0300] "GET / HTTP/1.1" 404 994
0:0:0:0:0:0:0:1 - - [02/Jun/2016:14:30:26 -0300] "GET /RESTParameter/rest/parametro/recebe HTTP/1.1" 500 -
0:0:0:0:0:0:0:1 - - [02/Jun/2016:14:30:26 -0300] "GET /RESTParameter/rest/parametro/recebe HTTP/1.1" 500 5347
0:0:0:0:0:0:0:1 - - [02/Jun/2016:14:30:26 -0300] "GET /RESTParameter/rest/parametro/recebe HTTP/1.1" 500 -
0:0:0:0:0:0:0:1 - - [02/Jun/2016:14:30:29 -0300] "GET /RESTParameter/rest/parametro/recebe HTTP/1.1" 500 5347
0:0:0:0:0:0:0:1 - - [02/Jun/2016:14:30:29 -0300] "GET /RESTParameter/rest/parametro/recebe HTTP/1.1" 500 -
0:0:0:0:0:0:0:1 - - [02/Jun/2016:14:30:29 -0300] "GET /RESTParameter/rest/parametro/recebe HTTP/1.1" 500 5347
127.0.0.1 - - [02/Jun/2016:14:32:57 -0300] "GET / HTTP/1.1" 404 994
0:0:0:0:0:0:0:1 - - [02/Jun/2016:14:33:16 -0300] "GET /RESTParameter/rest/parametro/recebe HTTP/1.1" 404 1010
0:0:0:0:0:0:0:1 - - [02/Jun/2016:14:33:33 -0300] "GET /RESTParameter/rest/parametro/recebe HTTP/1.1" 404 1010
0:0:0:0:0:0:0:1 - - [02/Jun/2016:14:38:40 -0300] "GET /RESTParameter/rest/parametro/recebe HTTP/1.1" 404 1010
0:0:0:0:0:0:0:1 - - [02/Jun/2016:14:38:45 -0300] "GET /RESTParameter/rest/parametro/ HTTP/1.1" 404 1010
0:0:0:0:0:0:0:1 - - [02/Jun/2016:14:38:56 -0300] "GET /RESTParameter/rest/parametro/recebe HTTP/1.1" 404 1010
127.0.0.1 - - [02/Jun/2016:14:40:10 -0300] "GET / HTTP/1.1" 404 994
0:0:0:0:0:0:0:1 - - [02/Jun/2016:14:40:14 -0300] "GET /RESTParameter/rest/parametro/recebe HTTP/1.1" 200 28
127.0.0.1 - - [02/Jun/2016:14:40:22 -0300] "GET /RESTParameter/rest/parametro/recebe HTTP/1.1" 200 28
127.0.0.1 - - [02/Jun/2016:14:42:57 -0300] "POST /RESTParameter/rest/parametro/recebe HTTP/1.1" 405 1056
127.0.0.1 - - [02/Jun/2016:14:43:32 -0300] "GET / HTTP/1.1" 404 994
127.0.0.1 - - [02/Jun/2016:14:46:58 -0300] "POST /RESTParameter/rest/parametro/recebe HTTP/1.1" 405 1056
127.0.0.1 - - [02/Jun/2016:14:47:53 -0300] "GET / HTTP/1.1" 404 994
0:0:0:0:0:0:0:1 - - [02/Jun/2016:14:48:04 -0300] "GET /RESTParameter/rest/parametro/recebe HTTP/1.1" 200 -
127.0.0.1 - - [02/Jun/2016:14:49:28 -0300] "GET / HTTP/1.1" 404 994
0:0:0:0:0:0:0:1 - - [02/Jun/2016:14:49:29 -0300] "GET /RESTParameter/WEB-INF/classes/com/rest/Parametro.java HTTP/1.1" 404 992
0:0:0:0:0:0:0:1 - - [02/Jun/2016:14:49:41 -0300] "GET /RESTParameter/rest/parametro/recebe HTTP/1.1" 200 28
0:0:0:0:0:0:0:1 - - [02/Jun/2016:14:49:41 -0300] "GET /RESTParameter/rest/parametro/recebe HTTP/1.1" 200 -
127.0.0.1 - - [02/Jun/2016:14:51:13 -0300] "GET / HTTP/1.1" 404 994
127.0.0.1 - - [02/Jun/2016:14:59:09 -0300] "GET / HTTP/1.1" 404 994
0:0:0:0:0:0:0:1 - - [02/Jun/2016:15:00:55 -0300] "GET /RESTParameter/rest/parametro/recebe/1 HTTP/1.1" 200 -
127.0.0.1 - - [02/Jun/2016:15:04:00 -0300] "GET / HTTP/1.1" 404 994
0:0:0:0:0:0:0:1 - - [02/Jun/2016:15:04:56 -0300] "GET /RESTParameter/rest/parametro/recebe/1 HTTP/1.1" 200 30
127.0.0.1 - - [02/Jun/2016:15:23:59 -0300] "GET / HTTP/1.1" 404 994
0:0:0:0:0:0:0:1 - - [02/Jun/2016:15:24:00 -0300] "GET /RESTParameter/WEB-INF/classes/com/rest/Parametro.java HTTP/1.1" 404 992
0:0:0:0:0:0:0:1 - - [02/Jun/2016:15:26:58 -0300] "GET /RESTParameter/rest/parametro/create2?meg=foo&name=bar HTTP/1.1" 200 -
127.0.0.1 - - [02/Jun/2016:15:27:55 -0300] "GET / HTTP/1.1" 404 994
0:0:0:0:0:0:0:1 - - [02/Jun/2016:15:28:15 -0300] "GET /RESTParameter/rest/parametro/create2?meg=foo&name=bar HTTP/1.1" 200 3
127.0.0.1 - - [02/Jun/2016:15:29:10 -0300] "GET / HTTP/1.1" 404 994
0:0:0:0:0:0:0:1 - - [02/Jun/2016:15:30:02 -0300] "GET /RESTParameter/rest/parametro/create2?meg=foo&name=bar HTTP/1.1" 200 9
0:0:0:0:0:0:0:1 - - [02/Jun/2016:15:32:53 -0300] "GET /RESTParameter/rest/parametro/create?meg=foo&name=bar HTTP/1.1" 405 1056
127.0.0.1 - - [02/Jun/2016:15:33:46 -0300] "GET / HTTP/1.1" 404 994
0:0:0:0:0:0:0:1 - - [02/Jun/2016:15:34:24 -0300] "GET /RESTParameter/rest/parametro/create?meg=foo&name=bar HTTP/1.1" 405 1056
0:0:0:0:0:0:0:1 - - [02/Jun/2016:15:34:29 -0300] "GET /RESTParameter/rest/parametro/create?meg=foo&name=bar HTTP/1.1" 405 1056
127.0.0.1 - - [02/Jun/2016:15:49:03 -0300] "GET / HTTP/1.1" 404 994
127.0.0.1 - - [02/Jun/2016:15:52:57 -0300] "GET / HTTP/1.1" 404 994
